commit bed0e32649d17f9cd2c157b54cf49782ebd7790a
Author: Melichoux <meli.tournerie@gmail.com>
Date:   Sun Mar 15 22:57:23 2026 +0100

    amélioration affichage filtre

commit 1587eb6f0138af8127ec7fa45fa062e8a16f2ce2
Author: Melichoux <meli.tournerie@gmail.com>
Date:   Sun Mar 15 15:40:37 2026 +0100

    MAJ pour l'update des articles + maj readme

commit 85ce1de50d35635c2848d088dcdeb7a4d27415cd
Author: Melichoux <meli.tournerie@gmail.com>
Date:   Fri Mar 13 19:03:58 2026 +0100

    CRUD enfin terminé! =)

commit 26a0150ace111982ca0b1406ebacc4b274130aac
Author: Melichoux <meli.tournerie@gmail.com>
Date:   Thu Mar 12 22:48:12 2026 +0100

    affichage page catalogue en php + C du CRUD des articles coté admin ok, U en cours

commit 02a2a50341964b344c216b3c800aa133cbccacb9
Author: Melichoux <meli.tournerie@gmail.com>
Date:   Wed Mar 11 16:10:16 2026 +0100

    maj des pages avec le location entre login et dashboard

commit 2e2062515319316a6d8bcd1f33a6178682ce71f1
Author: Melichoux <meli.tournerie@gmail.com>
Date:   Tue Mar 10 22:52:51 2026 +0100

    maj enregistrement pour user

commit 99d20dfa6494d1b520c7e6d7f190802e0e67464f
Author: Melichoux <meli.tournerie@gmail.com>
Date:   Tue Mar 10 17:02:15 2026 +0100

    c du crud okay pour le form d'inscription user

commit d6b2257d9bca450470fd67e621ba224140f43278
Author: Melichoux <meli.tournerie@gmail.com>
Date:   Tue Mar 10 00:28:34 2026 +0100

    creation BDD + maj readme

commit 92cbe8803960cd32f0ec5e09bff0a111d5454274
Author: Melichoux <meli.tournerie@gmail.com>
Date:   Mon Mar 9 10:33:50 2026 +0100

    Maj du read me avec ajout de merise

commit ccebfbb6acc413ac97010d4b5cb18d39f97535c9
Author: Melichoux <meli.tournerie@gmail.com>
Date:   Wed Mar 4 10:58:56 2026 +0100

    commit avant back, passage sur docker et transform en php

commit 7b81b97f4a3a4155bdea866c2fbb1650e9471f49
Merge: 762ef47 bb95a09
Author: Melichoux <meli.tournerie@gmail.com>
Date:   Mon Jan 19 14:41:43 2026 +0100

    merge pour la MàJ des url pour le deploiement

commit bb95a0957efbc7250d059389e5a43f8c06ed5c1e
Author: Melichoux <meli.tournerie@gmail.com>
Date:   Mon Jan 19 14:39:47 2026 +0100

    maj des URL pour le deploiement avec vercel

commit 762ef4775efa053ffa150a4ddbc69df83bd341ca
Merge: 3c642e9 47247ee
Author: Melichoux <meli.tournerie@gmail.com>
Date:   Mon Jan 19 14:14:27 2026 +0100

    merge de Dev apres rename des dossiers

commit 47247ee1e8539ef1e36a462ec9f21050e5141966
Author: Melichoux <meli.tournerie@gmail.com>
Date:   Mon Jan 19 14:11:58 2026 +0100

    rename final sans plus acunne majuscule

commit cdd13ac62b1acfc8ec36ffcd17e356ae4aceb576
Author: Melichoux <meli.tournerie@gmail.com>
Date:   Mon Jan 19 14:10:48 2026 +0100

    tjs le rename

commit 9a65f87e361e03827e4c95fc19fead4a5ad1641b
Author: Melichoux <meli.tournerie@gmail.com>
Date:   Mon Jan 19 14:08:49 2026 +0100

    rename sans majuscule

commit 72322c422e964f0cea929cb3e614ddb7752d8397
Author: Melichoux <meli.tournerie@gmail.com>
Date:   Wed Jan 14 15:30:38 2026 +0100

    Maj du readme

commit 9b3ec467a300fd357be0814540b1466d48993f52
Author: Melichoux <meli.tournerie@gmail.com>
Date:   Tue Jan 13 14:22:48 2026 +0100

    Maj du readme sur le Dev

commit 3c642e91006d9db03326ad6db4606dce8469fc5f
Merge: 5e11958 4909c76
Author: Melichoux <meli.tournerie@gmail.com>
Date:   Tue Jan 13 08:39:06 2026 +0100

    "Merge de Dev sur main"

commit 4909c76fb11b15a336fcea3dda6435be6ca8ad70
Merge: fa37ea2 f3d706a
Author: Melichoux <meli.tournerie@gmail.com>
Date:   Tue Jan 13 08:35:46 2026 +0100

    resolution conflit

commit fa37ea2600b4f5ec91c9c485c2cbd32f6d251bc6
Author: Melichoux <meli.tournerie@gmail.com>
Date:   Tue Jan 13 08:27:16 2026 +0100

    meta name ajouté sur toutes les pages

commit 5e11958b22447ec050a4ff25f1fd79b3334c06ad
Author: Melichoux <meli.tournerie@gmail.com>
Date:   Tue Jan 13 01:35:21 2026 +0100

    modiif du readme

commit f3d706ae56eba9487891b998440461d1708a09c8
Author: Melichoux <meli.tournerie@gmail.com>
Date:   Mon Jan 12 23:15:12 2026 +0100

    version ecf janvier 2026

commit 8f02d2b845ca19d220a55d7fbcf77c15159deb59
Author: Melichoux <meli.tournerie@gmail.com>
Date:   Mon Jan 12 13:47:52 2026 +0100

    commit prepa ecf

commit c34aff851c06f1451267999f8870605cf213e53d
Author: Melichoux <meli.tournerie@gmail.com>
Date:   Sun Jan 11 22:47:22 2026 +0100

    reglage en cours burger menu, pas encore ok

commit e0513ffa501fa02fe06773567dcf4015a84808f7
Author: Melichoux <meli.tournerie@gmail.com>
Date:   Sat Jan 10 17:13:53 2026 +0100

    maj du emailjs ok

commit 8bd328ec55a506eef19dcf74c0a9628c17a158e0
Author: Melichoux <meli.tournerie@gmail.com>
Date:   Thu Jan 8 23:03:38 2026 +0100

    form+emailjs

commit 06d1b13ba96ebf95cbfc6260d99c79b15b27115f
Author: Melichoux <meli.tournerie@gmail.com>
Date:   Thu Jan 8 17:44:21 2026 +0100

    ajout fichier/page contact avec le formulaire

commit 614537cbc56efe58b53ff4f414de91a9d7f95998
Author: Melichoux <meli.tournerie@gmail.com>
Date:   Wed Jan 7 19:36:19 2026 +0100

    Maj navbar sur la page article

commit 1503851e4b8cd02828e969e65dd7faf8cf45dadc
Author: Melichoux <meli.tournerie@gmail.com>
Date:   Wed Jan 7 15:22:52 2026 +0100

    debut de mise en place du filtre sur la page index.js

commit d0d4ae51c865ad985527244bc5bc34c6694dc594
Author: Melichoux <meli.tournerie@gmail.com>
Date:   Wed Jan 7 08:50:36 2026 +0100

    commit pour merge sur main

commit 4439eebac9719559439a537b6cd7233dce8f613b
Author: Melichoux <meli.tournerie@gmail.com>
Date:   Tue Jan 6 16:54:42 2026 +0100

    fin de journée du 06/12/26

commit 0315c4c9edbfd7cdf8e13590af7c76079c36af44
Author: Melichoux <meli.tournerie@gmail.com>
Date:   Tue Jan 6 16:26:02 2026 +0100

    Fetch avec script dans le fichier article

commit 2e809a646ab1f737e5564efcfdeb9879a23347ee
Author: Melichoux <meli.tournerie@gmail.com>
Date:   Tue Jan 6 15:09:25 2026 +0100

    Mise en place du formFilter, debut de la partie js

commit 51f78bafd543fd67de84d33bd4ed29d4211323dc
Author: Melichoux <meli.tournerie@gmail.com>
Date:   Mon Jan 5 16:58:41 2026 +0100

    Amelioration du header+mise en forme du catalogue

commit 19dfa23184c982dae6679c35855f04c383f9a303
Author: Melichoux <meli.tournerie@gmail.com>
Date:   Sun Jan 4 19:46:47 2026 +0100

    menu deroulant + align footer

commit 7ce4456c35b9812a307c55cd2a8e1a9eb44eb88b
Author: Melichoux <meli.tournerie@gmail.com>
Date:   Fri Jan 2 16:09:33 2026 +0100

    Travail sur l'onglet deroulant de la nav bar

commit db70b4895fcda02ba730e3910b3a0a4bf253b2d9
Author: Melichoux <meli.tournerie@gmail.com>
Date:   Wed Dec 31 12:47:32 2025 +0100

    Reprise de la navBar pour repondre aux demandes client+creation btn des articles

commit 97368555e5f671b8803280220d834c8199522b70
Author: Melichoux <meli.tournerie@gmail.com>
Date:   Wed Dec 24 15:18:28 2025 +0100

    MaJ noms des fichiers + organisation fichiers CSS

commit 4e2b9657dfed3ce8879c74dd787b4c8575d03285
Author: Melichoux <meli.tournerie@gmail.com>
Date:   Wed Dec 24 08:19:19 2025 +0100

    Maj du main

commit 7cac967921927b6249ce90fd0c1677c323cc05c9
Author: Melichoux <meli.tournerie@gmail.com>
Date:   Tue Dec 23 16:52:31 2025 +0100

    Creation du catalogue avec fetch + debut CSS

commit 506206a69f20e4f599acc3512f5eb207796e65cf
Author: Melichoux <meli.tournerie@gmail.com>
Date:   Tue Dec 23 14:09:06 2025 +0100

    header ok, footer commencé, merge avec main

commit 4b420c63222f095252eebccd061c240da8029417
Author: Melichoux <meli.tournerie@gmail.com>
Date:   Mon Dec 22 16:52:58 2025 +0100

    commencement du hearder

commit 37a2499aa8dcb372611ade72e73ec04ec7a1f0ea
Author: Melichoux <meli.tournerie@gmail.com>
Date:   Wed Dec 17 15:57:15 2025 +0100

    Maj du json avec ajout de date de parution

commit 24ea98b2f6808ac6c62529156cea603bc3670f05
Author: Melichoux <meli.tournerie@gmail.com>
Date:   Tue Dec 16 14:45:16 2025 +0100

    ajout index

commit 32df0af091207d45dc5fdf53928afbb19550c2af
Author: Melichoux <meli.tournerie@gmail.com>
Date:   Tue Dec 16 14:43:41 2025 +0100

    2ieme tentative de push

commit cae13ac6caa8856ed4e23d0b26149754145dfa46
Author: Melichoux <meli.tournerie@gmail.com>
Date:   Tue Dec 16 10:39:00 2025 +0100

    Creation du article-json

commit 10086af084d6de0836877bec1564411cce3262db
Author: Melichoux <meli.tournerie@gmail.com>
Date:   Mon Dec 15 13:54:14 2025 +0100

    first commit
